[EL Info]: 2025-11-16 21:38:08.929--ServerSession(1660936530)--EclipseLink, version: Eclipse Persistence Services - 4.0.7.v202506240759-923a428d4722d199eff24e730890e156ce7ea9de
[EL Fine]: sql: 2025-11-16 21:38:09.531--ServerSession(1660936530)--Connection(516283082)--SELECT ID, CREATEDAT, ENTITYSTATE, NAME, NIF, SURNAME, UPDATEDAT, VERSION FROM TMECHANICS
[EL Fine]: sql: 2025-11-16 21:38:14.758--ServerSession(1660936530)--Connection(516283082)--SELECT ID, ANNUALBASESALARY, CREATEDAT, ENDDATE, ENTITYSTATE, SETTLEMENT, STARTDATE, STATE, TAXRATE, UPDATEDAT, VERSION, PROFESSIONALGROUP_ID, MECHANIC_ID, CONTRACTTYPE_ID FROM TCONTRACTS WHERE (STATE = ?)
	bind => [IN_FORCE]
[EL Fine]: sql: 2025-11-16 21:38:14.761--ServerSession(1660936530)--Connection(516283082)--SELECT ID, CREATEDAT, ENTITYSTATE, NAME, PRODUCTIVITYRATE, TRIENNIUMPAYMENT, UPDATEDAT, VERSION FROM TPROFESSIONALGROUPS WHERE (ID = ?)
	bind => [6c23f9ce-58f8-412d-965a-fc06fae2f29b]
[EL Fine]: sql: 2025-11-16 21:38:14.763--ServerSession(1660936530)--Connection(516283082)--SELECT ID, CREATEDAT, ENTITYSTATE, NAME, NIF, SURNAME, UPDATEDAT, VERSION FROM TMECHANICS WHERE (ID = ?)
	bind => [43e53444-72b4-488c-b90b-900d6be0b0fd]
[EL Fine]: sql: 2025-11-16 21:38:14.764--ServerSession(1660936530)--Connection(516283082)--SELECT ID, COMPENSATIONDAYSPERYEAR, CREATEDAT, ENTITYSTATE, NAME, UPDATEDAT, VERSION FROM TCONTRACTTYPES WHERE (ID = ?)
	bind => [852feeda-97fa-4970-a03c-d5eb817bdd29]
[EL Fine]: sql: 2025-11-16 21:38:14.765--ServerSession(1660936530)--Connection(516283082)--SELECT ID, CREATEDAT, ENTITYSTATE, NAME, PRODUCTIVITYRATE, TRIENNIUMPAYMENT, UPDATEDAT, VERSION FROM TPROFESSIONALGROUPS WHERE (ID = ?)
	bind => [a8561f83-ccdc-486a-ab49-9857272deee9]
[EL Fine]: sql: 2025-11-16 21:38:14.765--ServerSession(1660936530)--Connection(516283082)--SELECT ID, CREATEDAT, ENTITYSTATE, NAME, NIF, SURNAME, UPDATEDAT, VERSION FROM TMECHANICS WHERE (ID = ?)
	bind => [518d899b-8673-46c3-8da1-c32a744af5f4]
[EL Fine]: sql: 2025-11-16 21:38:14.766--ServerSession(1660936530)--Connection(516283082)--SELECT ID, CREATEDAT, ENTITYSTATE, NAME, PRODUCTIVITYRATE, TRIENNIUMPAYMENT, UPDATEDAT, VERSION FROM TPROFESSIONALGROUPS WHERE (ID = ?)
	bind => [ebc795e4-fffb-404f-b25c-ff6aedcfb570]
[EL Fine]: sql: 2025-11-16 21:38:14.766--ServerSession(1660936530)--Connection(516283082)--SELECT ID, CREATEDAT, ENTITYSTATE, NAME, NIF, SURNAME, UPDATEDAT, VERSION FROM TMECHANICS WHERE (ID = ?)
	bind => [1c436526-317d-4ad8-981a-6fcbb12a067d]
[EL Fine]: sql: 2025-11-16 21:38:14.767--ServerSession(1660936530)--Connection(516283082)--SELECT ID, CREATEDAT, ENTITYSTATE, NAME, NIF, SURNAME, UPDATEDAT, VERSION FROM TMECHANICS WHERE (ID = ?)
	bind => [2fb13252-033f-49d5-a4a3-562ff7b7bbfe]
